{
  "schema": "morphloom.native-normal-payload-comparison/0.1",
  "pass": true,
  "meshId": "preserved_sphere",
  "before": {
    "sha256": "c065ad774d018805b5fc89231f190990ec9239fa1317ff338513b37abe3bb2f8",
    "kind": "actual GLB NORMAL accessor"
  },
  "after": {
    "sha256": "484ba389fbde9c21c66b931a36b5f137a83dc96eebef24b1ee2f9d4ccce5d0bc",
    "kind": "actual GLB NORMAL accessor"
  },
  "translationMm": [
    0,
    0,
    0
  ],
  "corners": 2160,
  "worldCoordinates": 362,
  "bidirectionalSamples": 4320,
  "coordinateToleranceMeters": 0.000001,
  "maxCoordinateDriftMeters": 8.940696724635266e-10,
  "maxNormalDifferenceDeg": 0.004165662238711668,
  "worstCoordinateMicrometers": "39214,1663,786",
  "fixedToleranceDeg": 0.01,
  "scope": "Raw NORMAL payload or actual first-import normals; worst per selected mesh, no quality averaging or geometry regeneration"
}
