
> sceliph@0.4.0 benchmark
> vite-node scripts/benchmark.ts

{
  "generatedAt": "2026-10-03T21:33:02.684Z",
  "morphloom": {
    "ornateKnife": {
      "triangles": 18930,
      "vertices": 18617,
      "parts": 16,
      "watertightParts": "16/16",
      "boundaryEdges": 0,
      "nonManifoldEdges": 0,
      "degenerateTriangles": 0,
      "surfaces": {
        "physicalMaterials": 16,
        "authoredMaterials": 16,
        "microNormalMaterials": 16,
        "roughnessMappedMaterials": 16,
        "anisotropicMaterials": 13,
        "clearcoatMaterials": 16,
        "transmissionMaterials": 1,
        "referenceProjectedMaterials": 0,
        "referenceDelightedMaterials": 0,
        "referenceReliefMaterials": 0,
        "unobservedSynthesizedMaterials": 0,
        "referenceProjectionFingerprints": [],
        "maximumReferenceIrregularity": 0,
        "distinctFinishes": 6,
        "finishes": [
          "anodized-metal",
          "brushed-metal",
          "leather",
          "polished-metal",
          "sapphire",
          "wood"
        ]
      },
      "variableThicknessBlade": true,
      "editableSharedIR": true
    },
    "smartphone": {
      "triangles": 142480,
      "vertices": 212988,
      "parts": 164,
      "cameraParts": 39,
      "logicParts": 37,
      "individualConductors": 28,
      "watertightParts": "220/220",
      "boundaryEdges": 0,
      "nonManifoldEdges": 0,
      "degenerateTriangles": 0,
      "surfaces": {
        "physicalMaterials": 220,
        "authoredMaterials": 220,
        "microNormalMaterials": 219,
        "roughnessMappedMaterials": 219,
        "anisotropicMaterials": 111,
        "clearcoatMaterials": 192,
        "transmissionMaterials": 57,
        "referenceProjectedMaterials": 0,
        "referenceDelightedMaterials": 0,
        "referenceReliefMaterials": 0,
        "unobservedSynthesizedMaterials": 0,
        "referenceProjectionFingerprints": [],
        "maximumReferenceIrregularity": 0,
        "distinctFinishes": 13,
        "finishes": [
          "anodized-metal",
          "brushed-metal",
          "ceramic-glass",
          "machined-copper",
          "molded-polymer",
          "optical-glass",
          "pcb-soldermask",
          "polished-metal",
          "raw",
          "rubber",
          "sapphire",
          "semiconductor",
          "soft-touch-polymer"
        ]
      },
      "connectivity": {
        "ports": "56/56",
        "wires": "28/28",
        "danglingWires": 0,
        "openRequiredPorts": 0,
        "portsOnComponents": "56/56",
        "portOutsideDistanceMaxMm": 0.2193170808759815,
        "endpointErrorMaxMm": 0.000003735632898865457,
        "documentedPhysicalPins": "56/56",
        "specifiedGauges": "28/28",
        "liveAnchors": true,
        "outstandingBenchChecks": 2,
        "productionReady": false
      }
    },
    "imageDerivedCoolingAssembly": {
      "sourceResolution": "2038×1268",
      "components": 97,
      "renderedParts": 172,
      "triangles": 272560,
      "watertightParts": "322/322",
      "boundaryEdges": 0,
      "nonManifoldEdges": 0,
      "degenerateTriangles": 0,
      "surfaces": {
        "physicalMaterials": 322,
        "authoredMaterials": 322,
        "microNormalMaterials": 299,
        "roughnessMappedMaterials": 299,
        "anisotropicMaterials": 181,
        "clearcoatMaterials": 246,
        "transmissionMaterials": 0,
        "referenceProjectedMaterials": 0,
        "referenceDelightedMaterials": 0,
        "referenceReliefMaterials": 0,
        "unobservedSynthesizedMaterials": 0,
        "referenceProjectionFingerprints": [],
        "maximumReferenceIrregularity": 0,
        "distinctFinishes": 8,
        "finishes": [
          "brushed-metal",
          "machined-copper",
          "molded-polymer",
          "pcb-soldermask",
          "polished-metal",
          "raw",
          "rubber",
          "semiconductor"
        ]
      },
      "wires": "75/75",
      "requiredPorts": "150/150",
      "danglingWires": 0,
      "portsOnComponents": "150/150",
      "portOutsideDistanceMaxMm": 0,
      "endpointErrorMaxMm": 0.0000068009559172592,
      "documentedPhysicalPins": "150/150",
      "specifiedGauges": "75/75",
      "verificationRecords": "75/75",
      "liveAnchors": true,
      "benchRequiredWires": 6,
      "outstandingBenchChecks": 5,
      "engineeringEvidence": {
        "scope": "full-assembly",
        "electricalApplicable": true,
        "components": 97,
        "componentEvidence": {
          "measured": 2,
          "datasheet": 11,
          "estimated": 48,
          "inferred": 36,
          "undocumented": 0
        },
        "componentEvidenceCoverage": 1,
        "physicalPinCoverage": 1,
        "conductorGaugeCoverage": 1,
        "conductorVerificationCoverage": 1,
        "passiveNodes": 7,
        "outstandingBenchChecks": 5,
        "benchRequiredWires": 6,
        "inferredWires": 0,
        "digitalReady": true,
        "productionReady": false,
        "evidenceScore": 52
      },
      "inferredHiddenGeometry": true
    },
    "galaxyZFold8Exterior": {
      "source": "https://www.samsung.com/us/smartphones/galaxy-z-fold8/",
      "foldState": "unfolded-180deg",
      "officialUnfoldedMm": "161.4×123.9×4.5",
      "officialFoldedMm": "81.9×123.9×9.7",
      "components": 48,
      "renderedParts": 48,
      "triangles": 30984,
      "compiledEnvelopeMm": {
        "x": 161.58,
        "y": 123.95,
        "z": 6.989
      },
      "cameraParts": 11,
      "watertightParts": "48/48",
      "boundaryEdges": 0,
      "nonManifoldEdges": 0,
      "degenerateTriangles": 0,
      "surfaces": {
        "physicalMaterials": 48,
        "authoredMaterials": 48,
        "microNormalMaterials": 48,
        "roughnessMappedMaterials": 48,
        "anisotropicMaterials": 13,
        "clearcoatMaterials": 48,
        "transmissionMaterials": 11,
        "referenceProjectedMaterials": 0,
        "referenceDelightedMaterials": 0,
        "referenceReliefMaterials": 0,
        "unobservedSynthesizedMaterials": 0,
        "referenceProjectionFingerprints": [],
        "maximumReferenceIrregularity": 0,
        "distinctFinishes": 8,
        "finishes": [
          "anodized-metal",
          "brushed-metal",
          "ceramic-glass",
          "molded-polymer",
          "optical-glass",
          "polished-metal",
          "raw",
          "sapphire"
        ]
      },
      "engineeringEvidence": {
        "scope": "exterior-only",
        "electricalApplicable": false,
        "components": 48,
        "componentEvidence": {
          "measured": 0,
          "datasheet": 5,
          "estimated": 40,
          "inferred": 3,
          "undocumented": 0
        },
        "componentEvidenceCoverage": 1,
        "physicalPinCoverage": 0,
        "conductorGaugeCoverage": 0,
        "conductorVerificationCoverage": 0,
        "passiveNodes": 0,
        "outstandingBenchChecks": 0,
        "benchRequiredWires": 0,
        "inferredWires": 0,
        "digitalReady": true,
        "productionReady": false,
        "evidenceScore": 56
      },
      "internalElectronicsIncluded": false
    },
    "habsMeasuredCabin": {
      "source": "https://www.loc.gov/resource/hhh.id0103.sheet",
      "measuredFootprintMm": "5283.2×4216.4",
      "components": 116,
      "renderedParts": 116,
      "triangles": 108432,
      "namedOpenings": 15,
      "watertightParts": "116/116",
      "boundaryEdges": 0,
      "nonManifoldEdges": 0,
      "degenerateTriangles": 0,
      "surfaces": {
        "physicalMaterials": 116,
        "authoredMaterials": 116,
        "microNormalMaterials": 115,
        "roughnessMappedMaterials": 115,
        "anisotropicMaterials": 0,
        "clearcoatMaterials": 112,
        "transmissionMaterials": 0,
        "referenceProjectedMaterials": 0,
        "referenceDelightedMaterials": 0,
        "referenceReliefMaterials": 0,
        "unobservedSynthesizedMaterials": 0,
        "referenceProjectionFingerprints": [],
        "maximumReferenceIrregularity": 0,
        "distinctFinishes": 2,
        "finishes": [
          "raw",
          "wood"
        ]
      },
      "engineeringEvidence": {
        "scope": "architectural-shell-only",
        "electricalApplicable": false,
        "components": 116,
        "componentEvidence": {
          "measured": 77,
          "datasheet": 18,
          "estimated": 20,
          "inferred": 1,
          "undocumented": 0
        },
        "componentEvidenceCoverage": 1,
        "physicalPinCoverage": 0,
        "conductorGaugeCoverage": 0,
        "conductorVerificationCoverage": 0,
        "passiveNodes": 0,
        "outstandingBenchChecks": 0,
        "benchRequiredWires": 0,
        "inferredWires": 0,
        "digitalReady": true,
        "productionReady": false,
        "evidenceScore": 90
      },
      "architecturalShellReady": true,
      "structureAndMepReady": false
    },
    "laurelHomesApartmentFloor": {
      "source": "https://tile.loc.gov/storage-services/master/pnp/habshaer/oh/oh1800/oh1847/data/oh1847data.pdf",
      "documentedBuilding": "4 floors · 36 apartments",
      "modeledFloor": "9 apartments · 3 stairs",
      "measuredMainEnvelopeMm": "42367.2×14122.4",
      "measuredCenterWingMm": "8229.6×5334",
      "courtyardVoids": 1,
      "footprintVerified": true,
      "components": 321,
      "renderedParts": 321,
      "triangles": 188748,
      "namedRooms": 45,
      "stairSteps": 66,
      "windows": 36,
      "watertightParts": "321/321",
      "boundaryEdges": 0,
      "nonManifoldEdges": 0,
      "degenerateTriangles": 0,
      "engineeringEvidence": {
        "scope": "architectural-shell-only",
        "electricalApplicable": false,
        "components": 321,
        "componentEvidence": {
          "measured": 242,
          "datasheet": 0,
          "estimated": 79,
          "inferred": 0,
          "undocumented": 0
        },
        "componentEvidenceCoverage": 1,
        "physicalPinCoverage": 0,
        "conductorGaugeCoverage": 0,
        "conductorVerificationCoverage": 0,
        "passiveNodes": 0,
        "outstandingBenchChecks": 0,
        "benchRequiredWires": 0,
        "inferredWires": 0,
        "digitalReady": true,
        "productionReady": false,
        "evidenceScore": 87
      },
      "architecturalShellReady": true,
      "structureAndMepReady": false
    },
    "spiderManSingleImageHonestyGate": {
      "source": "https://commons.wikimedia.org/wiki/File:Spider-Man_cosplay.jpg",
      "sourceResolution": "960×1280",
      "inputFit": 92,
      "evidenceScore": 53,
      "recommendedViews": "1/4",
      "missingRecommendedViews": [
        "rear",
        "left",
        "right"
      ],
      "blocked": true,
      "visualFidelityClaimAllowed": false,
      "characterBuild": {
        "skinVertices": 14517,
        "renderedTriangles": 68222,
        "namedDetailParts": 139,
        "watertightParts": "174/174",
        "boundaryEdges": 0,
        "nonManifoldEdges": 0,
        "degenerateTriangles": 0,
        "finishes": [
          "hex-knit",
          "molded-polymer",
          "optical-glass",
          "soft-touch-polymer"
        ],
        "pose": "reference-action",
        "poseLandmarkRmsMm": 8.72,
        "inferredDetailParts": 3
      },
      "gamePrevisBaseReady": true,
      "productionLikenessReady": false
    }
  },
  "comparisonBaseline": {
    "name": "img2threejs Talon Knife Doppler Ruby v1.4.4",
    "triangles": 25000,
    "parts": 5,
    "variableThicknessBlade": true,
    "tracedReferenceSilhouette": true,
    "projectedReferenceTexture": true,
    "source": "https://img2threejs.io/#/x/talon-doppler-ruby"
  }
}
