06:37:45 | INFO: Data are loaded, start creating Blender stuff
06:37:45 | INFO: Blender create Mesh node 0
06:37:45 | INFO: Blender create Mesh node 1
06:37:45 | INFO: glTF import finished in 0.01s
INFO Draco is available, use library at /Applications/Blender.app/Contents/Resources/5.2/scripts/addons_core/io_scene_gltf2/libbf_intern_draco_bridge.dylib
INFO MeshOptimizer is available, use library at /Applications/Blender.app/Contents/Resources/5.2/scripts/addons_core/io_scene_gltf2/libbf_intern_meshopt_bridge.dylib
06:37:45 | INFO: Starting glTF 2.0 export
06:37:45 | INFO: Extracting primitive: Mesh_0
06:37:45 | INFO: Primitives created: 1
06:37:45 | INFO: Extracting primitive: Mesh_1
06:37:45 | INFO: Primitives created: 1
06:37:45 | INFO: Finished glTF 2.0 export in 0.009486675262451172 s

06:37:45 | INFO: Data are loaded, start creating Blender stuff
06:37:45 | INFO: Blender create Mesh node Mesh_0
06:37:45 | INFO: Blender create Mesh node Mesh_1
06:37:45 | INFO: glTF import finished in 0.00s
{
  "schema": "morphloom.blender-roundtrip/0.2",
  "pass": true,
  "exportTangentsRequiredBySource": false,
  "blenderVersion": "5.2.1 LTS",
  "source": "small-after.glb",
  "sourceBytes": 95176,
  "sourceSha256": "7a5f37aa002c6cbdc34982bc0d9fad1c52210af0c9e97cd68cfe57207224a890",
  "roundTrip": "small-native.glb",
  "roundTripBytes": 93048,
  "roundTripSha256": "972fef2c9f65a86c7fa50e9db51983945958aba2c9e460c31841cdc57d894e68",
  "boundsErrorMm": 0.0,
  "boundsToleranceMm": 0.1,
  "geometryParity": true,
  "imageParity": true,
  "skinningParity": true,
  "lostImageDimensions": [],
  "addedImageDimensions": [],
  "imported": {
    "objects": 3,
    "excludedImporterHelpers": 0,
    "meshes": 2,
    "vertices": 2283,
    "polygons": 2880,
    "materials": 2,
    "images": 0,
    "imageNames": [],
    "imageDimensions": [],
    "shapeKeys": 0,
    "skinnedVertices": 0,
    "weightedVertices": 0,
    "weightedCoverage": 1.0,
    "armatures": 0,
    "bones": 0,
    "boneNames": [],
    "actions": 0,
    "actionNames": [],
    "geometryMoments": {
      "cornerCount": 8640,
      "cornerSum": [
        97.20000144839287,
        -8.639736061993861e-20,
        0.0
      ],
      "cornerSumSquares": [
        1.231055434463116,
        0.016055398390522693,
        0.01152120358785982
      ],
      "surfaceAreaSquareMeters": 0.000632986813556827
    },
    "boundsMeters": {
      "min": [
        -0.007000000216066837,
        -0.007000000216066837,
        -0.003000000026077032
      ],
      "max": [
        0.013500000350177288,
        0.007000000216066837,
        0.003000000026077032
      ]
    }
  },
  "reopened": {
    "objects": 3,
    "excludedImporterHelpers": 0,
    "meshes": 2,
    "vertices": 2283,
    "polygons": 2880,
    "materials": 2,
    "images": 0,
    "imageNames": [],
    "imageDimensions": [],
    "shapeKeys": 0,
    "skinnedVertices": 0,
    "weightedVertices": 0,
    "weightedCoverage": 1.0,
    "armatures": 0,
    "bones": 0,
    "boneNames": [],
    "actions": 0,
    "actionNames": [],
    "geometryMoments": {
      "cornerCount": 8640,
      "cornerSum": [
        97.20000144839287,
        -8.639736061993861e-20,
        0.0
      ],
      "cornerSumSquares": [
        1.231055434463116,
        0.016055398390522693,
        0.01152120358785982
      ],
      "surfaceAreaSquareMeters": 0.000632986813556827
    },
    "boundsMeters": {
      "min": [
        -0.007000000216066837,
        -0.007000000216066837,
        -0.003000000026077032
      ],
      "max": [
        0.013500000350177288,
        0.007000000216066837,
        0.003000000026077032
      ]
    }
  }
}
Blender 5.2.1 LTS (hash 9e2066aef7ef built 2026-08-25 01:35:57)

Blender quit
