{
  "schema": "morphloom.native-normal-payload-comparison/0.1",
  "pass": true,
  "meshId": "bushing",
  "before": {
    "sha256": "a21f90a2ed2a4aeda1a404ee146978873c6249b1c3e0fb925ad7a2d293a45c0c",
    "kind": "actual GLB NORMAL accessor"
  },
  "after": {
    "sha256": "1c42912033590bbe0d823d834b73e3f510b567735a920439b8a9a2250ab6f647",
    "kind": "actual GLB NORMAL accessor"
  },
  "translationMm": [
    0,
    0,
    0
  ],
  "corners": 1152,
  "worldCoordinates": 194,
  "bidirectionalSamples": 2304,
  "coordinateToleranceMeters": 0.000001,
  "maxCoordinateDriftMeters": 0,
  "maxNormalDifferenceDeg": 0.004862672506895797,
  "worstCoordinateMicrometers": "13523,6000,3623",
  "fixedToleranceDeg": 0.01,
  "scope": "Raw NORMAL payload or actual first-import normals; worst per selected mesh, no quality averaging or geometry regeneration"
}
