06:34:19 | INFO: Data are loaded, start creating Blender stuff
06:34:19 | INFO: Blender create Mesh node 0
06:34:19 | INFO: Blender create Mesh node 1
06:34:19 | INFO: glTF import finished in 0.00s
INFO Draco is available, use library at /Applications/Blender.app/Contents/Resources/5.2/scripts/addons_core/io_scene_gltf2/libbf_intern_draco_bridge.dylib
INFO MeshOptimizer is available, use library at /Applications/Blender.app/Contents/Resources/5.2/scripts/addons_core/io_scene_gltf2/libbf_intern_meshopt_bridge.dylib
06:34:19 | INFO: Starting glTF 2.0 export
06:34:19 | INFO: Extracting primitive: Mesh_0
06:34:19 | INFO: Primitives created: 1
06:34:19 | INFO: Extracting primitive: Mesh_1
06:34:19 | INFO: Primitives created: 1
06:34:19 | INFO: Finished glTF 2.0 export in 0.0068759918212890625 s

06:34:19 | INFO: Data are loaded, start creating Blender stuff
06:34:19 | INFO: Blender create Mesh node Mesh_0
06:34:19 | INFO: Blender create Mesh node Mesh_1
06:34:19 | INFO: glTF import finished in 0.00s
{
  "schema": "morphloom.blender-roundtrip/0.2",
  "pass": true,
  "exportTangentsRequiredBySource": false,
  "blenderVersion": "5.2.1 LTS",
  "source": "steep-after.glb",
  "sourceBytes": 122860,
  "sourceSha256": "ef47ca908f2d49e8c754a2affd76b121724be24aeb556fb0fd718e2233bcc8e2",
  "roundTrip": "steep-native.glb",
  "roundTripBytes": 122420,
  "roundTripSha256": "ca17302b1dd1fdb7c4ca7f575e94c0d6a17322cf84ae37f8d57b0532334c0d38",
  "boundsErrorMm": 0.0,
  "boundsToleranceMm": 0.1,
  "geometryParity": true,
  "imageParity": true,
  "skinningParity": true,
  "lostImageDimensions": [],
  "addedImageDimensions": [],
  "imported": {
    "objects": 3,
    "excludedImporterHelpers": 0,
    "meshes": 2,
    "vertices": 3147,
    "polygons": 3168,
    "materials": 2,
    "images": 0,
    "imageNames": [],
    "imageDimensions": [],
    "shapeKeys": 0,
    "skinnedVertices": 0,
    "weightedVertices": 0,
    "weightedCoverage": 1.0,
    "armatures": 0,
    "bones": 0,
    "boneNames": [],
    "actions": 0,
    "actionNames": [],
    "geometryMoments": {
      "cornerCount": 9504,
      "cornerSum": [
        194.40000289678574,
        -1.7279472123987722e-19,
        1.0232024565339088
      ],
      "cornerSumSquares": [
        4.970988925121409,
        0.11098878083104137,
        0.06648484444836827
      ],
      "surfaceAreaSquareMeters": 0.002194687444598595
    },
    "boundsMeters": {
      "min": [
        -0.014000000432133675,
        -0.014000000432133675,
        -0.006000000052154064
      ],
      "max": [
        0.027000000700354576,
        0.014000000432133675,
        0.006000000052154064
      ]
    }
  },
  "reopened": {
    "objects": 3,
    "excludedImporterHelpers": 0,
    "meshes": 2,
    "vertices": 3147,
    "polygons": 3168,
    "materials": 2,
    "images": 0,
    "imageNames": [],
    "imageDimensions": [],
    "shapeKeys": 0,
    "skinnedVertices": 0,
    "weightedVertices": 0,
    "weightedCoverage": 1.0,
    "armatures": 0,
    "bones": 0,
    "boneNames": [],
    "actions": 0,
    "actionNames": [],
    "geometryMoments": {
      "cornerCount": 9504,
      "cornerSum": [
        194.40000289678574,
        -1.7279472123987722e-19,
        1.0232024565339088
      ],
      "cornerSumSquares": [
        4.970988925121409,
        0.11098878083104137,
        0.06648484444836827
      ],
      "surfaceAreaSquareMeters": 0.002194687444598595
    },
    "boundsMeters": {
      "min": [
        -0.014000000432133675,
        -0.014000000432133675,
        -0.006000000052154064
      ],
      "max": [
        0.027000000700354576,
        0.014000000432133675,
        0.006000000052154064
      ]
    }
  }
}
Blender 5.2.1 LTS (hash 9e2066aef7ef built 2026-08-25 01:35:57)

Blender quit
