00:00.260  blend            | Read blend: "/private/var/folders/z4/_txy7z5d7hb83mc592z_cq540000gn/T/morphloom-publish-w4nfo7ko/repo/work/gear-projection-tile-20261004/final-small-kit/output.blend"
00:00.327  blend            | Read blend: "/private/var/folders/z4/_txy7z5d7hb83mc592z_cq540000gn/T/morphloom-publish-w4nfo7ko/repo/work/gear-projection-tile-20261004/final-small-kit/reopened.blend"
Info: Saved as "reopened.blend"
INFO Draco is available, use library at /Applications/Blender.app/Contents/Resources/5.2/scripts/addons_core/io_scene_gltf2/libbf_intern_draco_bridge.dylib
INFO MeshOptimizer is available, use library at /Applications/Blender.app/Contents/Resources/5.2/scripts/addons_core/io_scene_gltf2/libbf_intern_meshopt_bridge.dylib
08:41:30 | INFO: Starting glTF 2.0 export
08:41:30 | INFO: Extracting primitive: Mesh_1
08:41:30 | INFO: Primitives created: 1
08:41:30 | INFO: Extracting primitive: Mesh_0
08:41:30 | INFO: Primitives created: 1
08:41:30 | INFO: Finished glTF 2.0 export in 0.010650157928466797 s
00:00.444  blend            | Read blend: "/private/var/folders/z4/_txy7z5d7hb83mc592z_cq540000gn/T/morphloom-publish-w4nfo7ko/repo/work/gear-projection-tile-20261004/final-default-kit/output.blend"
00:00.579  blend            | Read blend: "/private/var/folders/z4/_txy7z5d7hb83mc592z_cq540000gn/T/morphloom-publish-w4nfo7ko/repo/work/gear-projection-tile-20261004/final-default-kit/reopened.blend"

Info: Saved as "reopened.blend"
08:41:30 | INFO: Starting glTF 2.0 export
08:41:30 | INFO: Extracting primitive: Mesh_1
08:41:30 | INFO: Primitives created: 1
08:41:30 | INFO: Extracting primitive: Mesh_0
08:41:30 | INFO: Primitives created: 1
08:41:30 | INFO: Finished glTF 2.0 export in 0.00723576545715332 s
00:00.657  blend            | Read blend: "/private/var/folders/z4/_txy7z5d7hb83mc592z_cq540000gn/T/morphloom-publish-w4nfo7ko/repo/work/gear-projection-tile-20261004/final-large-kit/output.blend"
00:00.726  blend            | Read blend: "/private/var/folders/z4/_txy7z5d7hb83mc592z_cq540000gn/T/morphloom-publish-w4nfo7ko/repo/work/gear-projection-tile-20261004/final-large-kit/reopened.blend"

Info: Saved as "reopened.blend"
08:41:30 | INFO: Starting glTF 2.0 export
08:41:30 | INFO: Extracting primitive: Mesh_1
08:41:30 | INFO: Primitives created: 1
08:41:30 | INFO: Extracting primitive: Mesh_0
08:41:30 | INFO: Primitives created: 1
08:41:30 | INFO: Finished glTF 2.0 export in 0.008007049560546875 s

Three actual .blend reopen/resave/reopen preserve local geometry, UV, loops and normals
Blender 5.2.1 LTS (hash 9e2066aef7ef built 2026-08-25 01:35:57)

Blender quit
