00:00.512  blend            | Read blend: "/private/var/folders/z4/_txy7z5d7hb83mc592z_cq540000gn/T/morphloom-publish-w4nfo7ko/repo/work/gear-projection-tile-20261004/small-kit/output.blend"
00:00.584  blend            | Read blend: "/private/var/folders/z4/_txy7z5d7hb83mc592z_cq540000gn/T/morphloom-publish-w4nfo7ko/repo/work/gear-projection-tile-20261004/small-kit/reopened.blend"
Info: Saved as "reopened.blend"
INFO Draco is available, use library at /Applications/Blender.app/Contents/Resources/5.2/scripts/addons_core/io_scene_gltf2/libbf_intern_draco_bridge.dylib
INFO MeshOptimizer is available, use library at /Applications/Blender.app/Contents/Resources/5.2/scripts/addons_core/io_scene_gltf2/libbf_intern_meshopt_bridge.dylib
08:31:21 | INFO: Starting glTF 2.0 export
08:31:21 | INFO: Extracting primitive: Mesh_1
08:31:21 | INFO: Primitives created: 1
08:31:21 | INFO: Extracting primitive: Mesh_0
08:31:21 | INFO: Primitives created: 1
08:31:21 | INFO: Finished glTF 2.0 export in 0.013044118881225586 s
00:00.720  blend            | Read blend: "/private/var/folders/z4/_txy7z5d7hb83mc592z_cq540000gn/T/morphloom-publish-w4nfo7ko/repo/work/gear-projection-tile-20261004/default-kit/output.blend"
00:00.762  blend            | Read blend: "/private/var/folders/z4/_txy7z5d7hb83mc592z_cq540000gn/T/morphloom-publish-w4nfo7ko/repo/work/gear-projection-tile-20261004/default-kit/reopened.blend"

Info: Saved as "reopened.blend"
08:31:21 | INFO: Starting glTF 2.0 export
08:31:21 | INFO: Extracting primitive: Mesh_1
08:31:21 | INFO: Primitives created: 1
08:31:21 | INFO: Extracting primitive: Mesh_0
08:31:21 | INFO: Primitives created: 1
08:31:21 | INFO: Finished glTF 2.0 export in 0.006803274154663086 s
00:00.816  blend            | Read blend: "/private/var/folders/z4/_txy7z5d7hb83mc592z_cq540000gn/T/morphloom-publish-w4nfo7ko/repo/work/gear-projection-tile-20261004/large-kit/output.blend"
00:00.858  blend            | Read blend: "/private/var/folders/z4/_txy7z5d7hb83mc592z_cq540000gn/T/morphloom-publish-w4nfo7ko/repo/work/gear-projection-tile-20261004/large-kit/reopened.blend"

Info: Saved as "reopened.blend"
08:31:22 | INFO: Starting glTF 2.0 export
08:31:22 | INFO: Extracting primitive: Mesh_1
08:31:22 | INFO: Primitives created: 1
08:31:22 | INFO: Extracting primitive: Mesh_0
08:31:22 | INFO: Primitives created: 1
08:31:22 | INFO: Finished glTF 2.0 export in 0.005506038665771484 s

Three actual .blend reopen/resave/reopen preserve local geometry, UV, loops and normals
Blender 5.2.1 LTS (hash 9e2066aef7ef built 2026-08-25 01:35:57)

Blender quit
