05:53:13 | INFO: Data are loaded, start creating Blender stuff
05:53:13 | INFO: Blender create Mesh node 0
05:53:13 | INFO: Blender create Mesh node 1
05:53:13 | INFO: glTF import finished in 0.00s
/private/var/folders/z4/_txy7z5d7hb83mc592z_cq540000gn/T/morphloom-publish-w4nfo7ko/repo/scripts/blender-neutral-render.py:174: DeprecationWarning: 'World.use_nodes' is expected to be removed in Blender 6.0
  world.use_nodes = True
/private/var/folders/z4/_txy7z5d7hb83mc592z_cq540000gn/T/morphloom-publish-w4nfo7ko/repo/scripts/blender-neutral-render.py:191: DeprecationWarning: 'Material.use_nodes' is expected to be removed in Blender 6.0
  clay.use_nodes = True
00:00.996  render           | Saved: '/Users/danny/Documents/morphloom/outputs/lathe-profile-edit-20261004/after-grazing.png'
{
  "schema": "morphloom.neutral-glb-render/0.3",
  "protocol": "morphloom-neutral-glb-v2",
  "viewId": "iso",
  "blenderVersion": "5.2.1 LTS",
  "source": "default-after.glb",
  "sourceBytes": 104432,
  "sourceSha256": "eff9368cd352fcaa23b2c39f109eb3f9f150df2d023c67fdadf3eb7267dc6780",
  "render": "after-grazing.png",
  "renderBytes": 442055,
  "renderSha256": "332a7da922269192b6940f5c1c4c382c73e33e5e257628a1b99228716377a7c4",
  "meshes": 1,
  "materials": 3,
  "normalization": {
    "method": "fixed-metre-datum",
    "targetExtent": null,
    "sourceBounds": {
      "min": [
        -0.014000000432133675,
        -0.014000000432133675,
        -0.006000000052154064
      ],
      "max": [
        0.014000000432133675,
        0.014000000432133675,
        0.007000000216066837
      ],
      "size": [
        0.02800000086426735,
        0.02800000086426735,
        0.013000000268220901
      ]
    },
    "scale": 70,
    "fixedSpaceSha256": "806b57dfc497a2f3e1ee636285c1505cb2bbd058b9545f6185385087d932638f",
    "translationMeters": [
      0,
      0,
      0
    ],
    "normalizedBounds": {
      "min": [
        -0.9800000190734863,
        -0.9800000190734863,
        -0.42000001668930054
      ],
      "max": [
        0.9800000190734863,
        0.9800000190734863,
        0.49000000953674316
      ],
      "size": [
        1.9600000381469727,
        1.9600000381469727,
        0.9100000262260437
      ]
    }
  },
  "camera": {
    "projection": "orthographic",
    "position": [
      2.8,
      -3.4,
      1.8
    ],
    "target": [
      0,
      0,
      0
    ],
    "up": [
      0,
      0,
      1
    ],
    "orthographicHeight": 2.55
  },
  "framing": {
    "alphaBoundsPixels": {
      "min": [
        117,
        206
      ],
      "max": [
        906,
        817
      ]
    },
    "minimumMarginPixels": 117,
    "touchesBorder": false
  },
  "inspectionScope": {
    "kind": "isolated-component",
    "componentId": "bushing"
  },
  "renderSettings": {
    "engine": "BLENDER_EEVEE",
    "width": 1024,
    "height": 1024,
    "transparent": true,
    "viewTransform": "AgX",
    "look": "AgX - Medium High Contrast"
  },
  "studio": {
    "world": {
      "color": [
        0.12,
        0.12,
        0.12,
        1
      ],
      "strength": 0.28
    },
    "lights": [
      {
        "name": "Neutral key",
        "location": [
          -2.5,
          -3.0,
          3.5
        ],
        "energy": 900,
        "size": 4.0
      },
      {
        "name": "Neutral fill",
        "location": [
          3.0,
          -2.0,
          1.2
        ],
        "energy": 500,
        "size": 3.0
      },
      {
        "name": "Neutral rim",
        "location": [
          0.5,
          2.5,
          2.5
        ],
        "energy": 700,
        "size": 2.5
      }
    ]
  },
  "inspectionMode": "grazing",
  "actualLights": [
    {
      "name": "Neutral key",
      "position": [
        3.0,
        -0.5,
        0.30000001192092896
      ],
      "energy": 900.0,
      "size": 1.0
    },
    {
      "name": "Neutral fill",
      "position": [
        3.0,
        -2.0,
        1.2000000476837158
      ],
      "energy": 70.0,
      "size": 3.0
    },
    {
      "name": "Neutral rim",
      "position": [
        0.5,
        2.5,
        2.5
      ],
      "energy": 700.0,
      "size": 2.5
    }
  ]
}
Blender 5.2.1 LTS (hash 9e2066aef7ef built 2026-08-25 01:35:57)

Blender quit
