{
  "schema": "morphloom.native-normal-payload-comparison/0.1",
  "pass": true,
  "meshId": "bushing",
  "before": {
    "sha256": "6592f1f2b23f02e633da677fe9510939446beceb5572dc7cfa30815127298e4b",
    "kind": "actual GLB NORMAL accessor"
  },
  "after": {
    "sha256": "1f6c1c3f59972ce110dbcd821502d1d10d0f6e35f8931d86d9609b1e16a924f6",
    "kind": "actual GLB NORMAL accessor"
  },
  "translationMm": [
    0,
    0,
    0
  ],
  "corners": 864,
  "worldCoordinates": 144,
  "bidirectionalSamples": 1728,
  "coordinateToleranceMeters": 0.000001,
  "maxCoordinateDriftMeters": 0,
  "maxNormalDifferenceDeg": 0.0032382469535004728,
  "worstCoordinateMicrometers": "3064,4000,2571",
  "fixedToleranceDeg": 0.01,
  "scope": "Raw NORMAL payload or actual first-import normals; worst per selected mesh, no quality averaging or geometry regeneration"
}
