05:52:23 | INFO: Data are loaded, start creating Blender stuff
05:52:23 | INFO: Blender create Mesh node 0
05:52:23 | INFO: Blender create Mesh node 1
05:52:23 | INFO: glTF import finished in 0.01s
INFO Draco is available, use library at /Applications/Blender.app/Contents/Resources/5.2/scripts/addons_core/io_scene_gltf2/libbf_intern_draco_bridge.dylib
INFO MeshOptimizer is available, use library at /Applications/Blender.app/Contents/Resources/5.2/scripts/addons_core/io_scene_gltf2/libbf_intern_meshopt_bridge.dylib
05:52:23 | INFO: Starting glTF 2.0 export
05:52:23 | INFO: Extracting primitive: Mesh_0
05:52:23 | INFO: Primitives created: 1
05:52:23 | INFO: Extracting primitive: Mesh_1
05:52:23 | INFO: Primitives created: 1
05:52:23 | INFO: Finished glTF 2.0 export in 0.007642030715942383 s

05:52:23 | INFO: Data are loaded, start creating Blender stuff
05:52:23 | INFO: Blender create Mesh node Mesh_0
05:52:23 | INFO: Blender create Mesh node Mesh_1
05:52:23 | INFO: glTF import finished in 0.00s
{
  "schema": "morphloom.blender-roundtrip/0.2",
  "pass": true,
  "exportTangentsRequiredBySource": false,
  "blenderVersion": "5.2.1 LTS",
  "source": "small-after.glb",
  "sourceBytes": 95208,
  "sourceSha256": "6592f1f2b23f02e633da677fe9510939446beceb5572dc7cfa30815127298e4b",
  "roundTrip": "small-blender.glb",
  "roundTripBytes": 93040,
  "roundTripSha256": "1f6c1c3f59972ce110dbcd821502d1d10d0f6e35f8931d86d9609b1e16a924f6",
  "boundsErrorMm": 0.0,
  "boundsToleranceMm": 0.1,
  "geometryParity": true,
  "imageParity": true,
  "skinningParity": true,
  "lostImageDimensions": [],
  "addedImageDimensions": [],
  "imported": {
    "objects": 3,
    "excludedImporterHelpers": 0,
    "meshes": 2,
    "vertices": 2283,
    "polygons": 2880,
    "materials": 2,
    "images": 0,
    "imageNames": [],
    "imageDimensions": [],
    "shapeKeys": 0,
    "skinnedVertices": 0,
    "weightedVertices": 0,
    "weightedCoverage": 1.0,
    "armatures": 0,
    "bones": 0,
    "boneNames": [],
    "actions": 0,
    "actionNames": [],
    "geometryMoments": {
      "cornerCount": 8640,
      "cornerSum": [
        97.20000144839287,
        -8.639736061993861e-20,
        0.216000035405159
      ],
      "cornerSumSquares": [
        1.231055434463116,
        0.016055398390522693,
        0.013033203882366333
      ],
      "surfaceAreaSquareMeters": 0.0006637087647437813
    },
    "boundsMeters": {
      "min": [
        -0.007000000216066837,
        -0.007000000216066837,
        -0.003000000026077032
      ],
      "max": [
        0.013500000350177288,
        0.007000000216066837,
        0.004000000189989805
      ]
    }
  },
  "reopened": {
    "objects": 3,
    "excludedImporterHelpers": 0,
    "meshes": 2,
    "vertices": 2283,
    "polygons": 2880,
    "materials": 2,
    "images": 0,
    "imageNames": [],
    "imageDimensions": [],
    "shapeKeys": 0,
    "skinnedVertices": 0,
    "weightedVertices": 0,
    "weightedCoverage": 1.0,
    "armatures": 0,
    "bones": 0,
    "boneNames": [],
    "actions": 0,
    "actionNames": [],
    "geometryMoments": {
      "cornerCount": 8640,
      "cornerSum": [
        97.20000144839287,
        -8.639736061993861e-20,
        0.216000035405159
      ],
      "cornerSumSquares": [
        1.231055434463116,
        0.016055398390522693,
        0.013033203882366333
      ],
      "surfaceAreaSquareMeters": 0.0006637087647437813
    },
    "boundsMeters": {
      "min": [
        -0.007000000216066837,
        -0.007000000216066837,
        -0.003000000026077032
      ],
      "max": [
        0.013500000350177288,
        0.007000000216066837,
        0.004000000189989805
      ]
    }
  }
}
Blender 5.2.1 LTS (hash 9e2066aef7ef built 2026-08-25 01:35:57)

Blender quit
