[
  {
    "id": "small",
    "beforeChordMm": 0.0266373021120625,
    "afterChordMm": 0.0266373021120625,
    "beforeVertices": 864,
    "afterVertices": 1080,
    "preserved": true,
    "topology": {
      "meshes": 2,
      "watertightMeshes": 2,
      "boundaryEdges": 0,
      "inconsistentWindingEdges": 0,
      "orientationConsistent": true,
      "nonManifoldEdges": 0,
      "degenerateTriangles": 0,
      "selfIntersections": 0,
      "selfIntersectionMeshes": 0,
      "selfIntersectionCandidatePairs": 2728,
      "selfIntersectionComplete": true,
      "triangles": 2952,
      "edgeTaperMeshes": 0,
      "verifiedEdgeTaperSegments": 0,
      "surfaceReliefMeshes": 0,
      "surfaceReliefSamples": 0,
      "surfaceAggregateFeatures": 0,
      "referenceReliefMeshes": 0,
      "referenceReliefSamples": 0,
      "maximumReferenceIrregularity": 0,
      "pass": true,
      "details": [
        {
          "name": "bushing",
          "boundaryEdges": 0,
          "inconsistentWindingEdges": 0,
          "orientationConsistent": true,
          "nonManifoldEdges": 0,
          "degenerateTriangles": 0,
          "selfIntersections": 0,
          "selfIntersectionComplete": true,
          "watertight": true
        },
        {
          "name": "preserved",
          "boundaryEdges": 0,
          "inconsistentWindingEdges": 0,
          "orientationConsistent": true,
          "nonManifoldEdges": 0,
          "degenerateTriangles": 0,
          "selfIntersections": 0,
          "selfIntersectionComplete": true,
          "watertight": true
        }
      ]
    }
  },
  {
    "id": "default",
    "beforeChordMm": 0.02997544307253186,
    "afterChordMm": 0.02997544307253186,
    "beforeVertices": 1152,
    "afterVertices": 1440,
    "preserved": true,
    "topology": {
      "meshes": 2,
      "watertightMeshes": 2,
      "boundaryEdges": 0,
      "inconsistentWindingEdges": 0,
      "orientationConsistent": true,
      "nonManifoldEdges": 0,
      "degenerateTriangles": 0,
      "selfIntersections": 0,
      "selfIntersectionMeshes": 0,
      "selfIntersectionCandidatePairs": 3084,
      "selfIntersectionComplete": true,
      "triangles": 3072,
      "edgeTaperMeshes": 0,
      "verifiedEdgeTaperSegments": 0,
      "surfaceReliefMeshes": 0,
      "surfaceReliefSamples": 0,
      "surfaceAggregateFeatures": 0,
      "referenceReliefMeshes": 0,
      "referenceReliefSamples": 0,
      "maximumReferenceIrregularity": 0,
      "pass": true,
      "details": [
        {
          "name": "bushing",
          "boundaryEdges": 0,
          "inconsistentWindingEdges": 0,
          "orientationConsistent": true,
          "nonManifoldEdges": 0,
          "degenerateTriangles": 0,
          "selfIntersections": 0,
          "selfIntersectionComplete": true,
          "watertight": true
        },
        {
          "name": "preserved",
          "boundaryEdges": 0,
          "inconsistentWindingEdges": 0,
          "orientationConsistent": true,
          "nonManifoldEdges": 0,
          "degenerateTriangles": 0,
          "selfIntersections": 0,
          "selfIntersectionComplete": true,
          "watertight": true
        }
      ]
    }
  },
  {
    "id": "large",
    "beforeChordMm": 0.0066640362372538675,
    "afterChordMm": 0.0066640362372538675,
    "beforeVertices": 3456,
    "afterVertices": 4320,
    "preserved": true,
    "topology": {
      "meshes": 2,
      "watertightMeshes": 2,
      "boundaryEdges": 0,
      "inconsistentWindingEdges": 0,
      "orientationConsistent": true,
      "nonManifoldEdges": 0,
      "degenerateTriangles": 0,
      "selfIntersections": 0,
      "selfIntersectionMeshes": 0,
      "selfIntersectionCandidatePairs": 8800,
      "selfIntersectionComplete": true,
      "triangles": 4032,
      "edgeTaperMeshes": 0,
      "verifiedEdgeTaperSegments": 0,
      "surfaceReliefMeshes": 0,
      "surfaceReliefSamples": 0,
      "surfaceAggregateFeatures": 0,
      "referenceReliefMeshes": 0,
      "referenceReliefSamples": 0,
      "maximumReferenceIrregularity": 0,
      "pass": true,
      "details": [
        {
          "name": "bushing",
          "boundaryEdges": 0,
          "inconsistentWindingEdges": 0,
          "orientationConsistent": true,
          "nonManifoldEdges": 0,
          "degenerateTriangles": 0,
          "selfIntersections": 0,
          "selfIntersectionComplete": true,
          "watertight": true
        },
        {
          "name": "preserved",
          "boundaryEdges": 0,
          "inconsistentWindingEdges": 0,
          "orientationConsistent": true,
          "nonManifoldEdges": 0,
          "degenerateTriangles": 0,
          "selfIntersections": 0,
          "selfIntersectionComplete": true,
          "watertight": true
        }
      ]
    }
  },
  {
    "id": "solid",
    "beforeChordMm": 0.007496167430563361,
    "afterChordMm": 0.007496167430563361,
    "beforeVertices": 1152,
    "afterVertices": 1728,
    "preserved": true,
    "topology": {
      "meshes": 2,
      "watertightMeshes": 2,
      "boundaryEdges": 0,
      "inconsistentWindingEdges": 0,
      "orientationConsistent": true,
      "nonManifoldEdges": 0,
      "degenerateTriangles": 0,
      "selfIntersections": 0,
      "selfIntersectionMeshes": 0,
      "selfIntersectionCandidatePairs": 2559,
      "selfIntersectionComplete": true,
      "triangles": 3168,
      "edgeTaperMeshes": 0,
      "verifiedEdgeTaperSegments": 0,
      "surfaceReliefMeshes": 0,
      "surfaceReliefSamples": 0,
      "surfaceAggregateFeatures": 0,
      "referenceReliefMeshes": 0,
      "referenceReliefSamples": 0,
      "maximumReferenceIrregularity": 0,
      "pass": true,
      "details": [
        {
          "name": "bushing",
          "boundaryEdges": 0,
          "inconsistentWindingEdges": 0,
          "orientationConsistent": true,
          "nonManifoldEdges": 0,
          "degenerateTriangles": 0,
          "selfIntersections": 0,
          "selfIntersectionComplete": true,
          "watertight": true
        },
        {
          "name": "preserved",
          "boundaryEdges": 0,
          "inconsistentWindingEdges": 0,
          "orientationConsistent": true,
          "nonManifoldEdges": 0,
          "degenerateTriangles": 0,
          "selfIntersections": 0,
          "selfIntersectionComplete": true,
          "watertight": true
        }
      ]
    }
  }
]
