
> sceliph@0.4.0 build
> tsc -b && vite build

vite v7.3.6 building client environment for production...
transforming...
✓ 181 modules transformed.
rendering chunks...
computing gzip size...
dist/index.html                                    0.84 kB │ gzip:   0.42 kB
dist/holdout-review.html                           0.94 kB │ gzip:   0.55 kB
dist/assets/DepthEditor-vj6vYx2Q.css               0.85 kB │ gzip:   0.42 kB
dist/assets/EvidenceEditor-DMbD-ETS.css           22.32 kB │ gzip:   5.12 kB
dist/assets/main-DkP-4bUW.css                     32.03 kB │ gzip:   7.01 kB
dist/assets/__vite-browser-external-BIHI7g3E.js    0.03 kB │ gzip:   0.05 kB
dist/assets/modulepreload-polyfill-B5Qt9EMX.js     0.71 kB │ gzip:   0.40 kB
dist/assets/holdoutReview-CyXZYCmd.js              1.96 kB │ gzip:   1.16 kB
dist/assets/DepthEditor-BexdfkG7.js               34.55 kB │ gzip:  12.50 kB
dist/assets/EvidenceEditor-CF8egAkC.js            58.80 kB │ gzip:  21.54 kB
dist/assets/index.modern-zUcIqH6w.js              70.16 kB │ gzip:  16.31 kB
dist/assets/index.modern-De9RXvgH.js              76.25 kB │ gzip:  21.76 kB
dist/assets/react-C54xO61s.js                    192.48 kB │ gzip:  60.34 kB
dist/assets/module-BhjKzkE4.js                   289.42 kB │ gzip:  92.04 kB
dist/assets/main-DoD0t9H8.js                     703.03 kB │ gzip: 241.80 kB
dist/assets/three-DeIVVbmy.js                    733.89 kB │ gzip: 193.71 kB
✓ built in 1.43s
