06:07:41 | INFO: Data are loaded, start creating Blender stuff
06:07:41 | INFO: Blender create Mesh node 0
06:07:41 | INFO: Blender create Mesh node 1
06:07:41 | INFO: glTF import finished in 0.01s
INFO Draco is available, use library at /Applications/Blender.app/Contents/Resources/5.2/scripts/addons_core/io_scene_gltf2/libbf_intern_draco_bridge.dylib
INFO MeshOptimizer is available, use library at /Applications/Blender.app/Contents/Resources/5.2/scripts/addons_core/io_scene_gltf2/libbf_intern_meshopt_bridge.dylib
06:07:41 | INFO: Starting glTF 2.0 export
06:07:41 | INFO: Extracting primitive: Mesh_0
06:07:41 | INFO: Primitives created: 1
06:07:41 | INFO: Extracting primitive: Mesh_1
06:07:41 | INFO: Primitives created: 1
06:07:41 | INFO: Finished glTF 2.0 export in 0.007364034652709961 s

06:07:41 | INFO: Data are loaded, start creating Blender stuff
06:07:41 | INFO: Blender create Mesh node Mesh_0
06:07:41 | INFO: Blender create Mesh node Mesh_1
06:07:41 | INFO: glTF import finished in 0.00s
{
  "schema": "morphloom.blender-roundtrip/0.2",
  "pass": true,
  "exportTangentsRequiredBySource": false,
  "blenderVersion": "5.2.1 LTS",
  "source": "default-after.glb",
  "sourceBytes": 113644,
  "sourceSha256": "440ad6d6d1db98868e63ef22e13c05657a58e0de12caa0cf866bd54b97a074ad",
  "roundTrip": "default-blender.glb",
  "roundTripBytes": 112632,
  "roundTripSha256": "a4f62f9cb441ae96b571e6c098ef36a83246917b3586ec5bc8f570019a0a93c8",
  "boundsErrorMm": 0.0,
  "boundsToleranceMm": 0.1,
  "geometryParity": true,
  "imageParity": true,
  "skinningParity": true,
  "lostImageDimensions": [],
  "addedImageDimensions": [],
  "imported": {
    "objects": 3,
    "excludedImporterHelpers": 0,
    "meshes": 2,
    "vertices": 2859,
    "polygons": 3072,
    "materials": 2,
    "images": 0,
    "imageNames": [],
    "imageDimensions": [],
    "shapeKeys": 0,
    "skinnedVertices": 0,
    "weightedVertices": 0,
    "weightedCoverage": 1.0,
    "armatures": 0,
    "bones": 0,
    "boneNames": [],
    "actions": 0,
    "actionNames": [],
    "geometryMoments": {
      "cornerCount": 9216,
      "cornerSum": [
        194.40000289678574,
        -1.7279472123987722e-19,
        1.5839999914169312
      ],
      "cornerSumSquares": [
        4.953345737830875,
        0.09334559354050795,
        0.06516481443727118
      ],
      "surfaceAreaSquareMeters": 0.002520335063433557
    },
    "boundsMeters": {
      "min": [
        -0.014000000432133675,
        -0.014000000432133675,
        -0.006000000052154064
      ],
      "max": [
        0.027000000700354576,
        0.014000000432133675,
        0.006000000052154064
      ]
    }
  },
  "reopened": {
    "objects": 3,
    "excludedImporterHelpers": 0,
    "meshes": 2,
    "vertices": 2859,
    "polygons": 3072,
    "materials": 2,
    "images": 0,
    "imageNames": [],
    "imageDimensions": [],
    "shapeKeys": 0,
    "skinnedVertices": 0,
    "weightedVertices": 0,
    "weightedCoverage": 1.0,
    "armatures": 0,
    "bones": 0,
    "boneNames": [],
    "actions": 0,
    "actionNames": [],
    "geometryMoments": {
      "cornerCount": 9216,
      "cornerSum": [
        194.40000289678574,
        -1.7279472123987722e-19,
        1.5839999914169312
      ],
      "cornerSumSquares": [
        4.953345737830875,
        0.09334559354050795,
        0.06516481443727118
      ],
      "surfaceAreaSquareMeters": 0.002520335063433557
    },
    "boundsMeters": {
      "min": [
        -0.014000000432133675,
        -0.014000000432133675,
        -0.006000000052154064
      ],
      "max": [
        0.027000000700354576,
        0.014000000432133675,
        0.006000000052154064
      ]
    }
  }
}
Blender 5.2.1 LTS (hash 9e2066aef7ef built 2026-08-25 01:35:57)

Blender quit
