06:07:42 | INFO: Data are loaded, start creating Blender stuff
06:07:42 | INFO: Blender create Mesh node 0
06:07:42 | INFO: Blender create Mesh node 1
06:07:42 | INFO: glTF import finished in 0.01s
INFO Draco is available, use library at /Applications/Blender.app/Contents/Resources/5.2/scripts/addons_core/io_scene_gltf2/libbf_intern_draco_bridge.dylib
INFO MeshOptimizer is available, use library at /Applications/Blender.app/Contents/Resources/5.2/scripts/addons_core/io_scene_gltf2/libbf_intern_meshopt_bridge.dylib
06:07:42 | INFO: Starting glTF 2.0 export
06:07:42 | INFO: Extracting primitive: Mesh_0
06:07:42 | INFO: Primitives created: 1
06:07:42 | INFO: Extracting primitive: Mesh_1
06:07:42 | INFO: Primitives created: 1
06:07:42 | INFO: Finished glTF 2.0 export in 0.007349967956542969 s

06:07:42 | INFO: Data are loaded, start creating Blender stuff
06:07:42 | INFO: Blender create Mesh node Mesh_0
06:07:42 | INFO: Blender create Mesh node Mesh_1
06:07:42 | INFO: glTF import finished in 0.01s
{
  "schema": "morphloom.blender-roundtrip/0.2",
  "pass": true,
  "exportTangentsRequiredBySource": false,
  "blenderVersion": "5.2.1 LTS",
  "source": "large-after.glb",
  "sourceBytes": 205800,
  "sourceSha256": "bcc441c8b5be437f84b044a6fd9a385c2eb497a4260609d88b008e999be6de00",
  "roundTrip": "large-blender.glb",
  "roundTripBytes": 210544,
  "roundTripSha256": "f234022e284b61c5a8c60f48ca31b13a6ed8c16eeae4b25cf56370453bea7460",
  "boundsErrorMm": 0.0,
  "boundsToleranceMm": 0.1,
  "geometryParity": true,
  "imageParity": true,
  "skinningParity": true,
  "lostImageDimensions": [],
  "addedImageDimensions": [],
  "imported": {
    "objects": 3,
    "excludedImporterHelpers": 0,
    "meshes": 2,
    "vertices": 5739,
    "polygons": 4032,
    "materials": 2,
    "images": 0,
    "imageNames": [],
    "imageDimensions": [],
    "shapeKeys": 0,
    "skinnedVertices": 0,
    "weightedVertices": 0,
    "weightedCoverage": 1.0,
    "armatures": 0,
    "bones": 0,
    "boneNames": [],
    "actions": 0,
    "actionNames": [],
    "geometryMoments": {
      "cornerCount": 12096,
      "cornerSum": [
        388.8000057935715,
        -3.4558944247975444e-19,
        9.503999948501587
      ],
      "cornerSumSquares": [
        20.495654945749354,
        1.0556543685878774,
        0.6621312627616533
      ],
      "surfaceAreaSquareMeters": 0.010093869000518615
    },
    "boundsMeters": {
      "min": [
        -0.02800000086426735,
        -0.02800000086426735,
        -0.012000000104308128
      ],
      "max": [
        0.05400000140070915,
        0.02800000086426735,
        0.012000000104308128
      ]
    }
  },
  "reopened": {
    "objects": 3,
    "excludedImporterHelpers": 0,
    "meshes": 2,
    "vertices": 5739,
    "polygons": 4032,
    "materials": 2,
    "images": 0,
    "imageNames": [],
    "imageDimensions": [],
    "shapeKeys": 0,
    "skinnedVertices": 0,
    "weightedVertices": 0,
    "weightedCoverage": 1.0,
    "armatures": 0,
    "bones": 0,
    "boneNames": [],
    "actions": 0,
    "actionNames": [],
    "geometryMoments": {
      "cornerCount": 12096,
      "cornerSum": [
        388.8000057935715,
        -3.4558944247975444e-19,
        9.503999948501587
      ],
      "cornerSumSquares": [
        20.495654945749354,
        1.0556543685878774,
        0.6621312627616533
      ],
      "surfaceAreaSquareMeters": 0.010093869000518615
    },
    "boundsMeters": {
      "min": [
        -0.02800000086426735,
        -0.02800000086426735,
        -0.012000000104308128
      ],
      "max": [
        0.05400000140070915,
        0.02800000086426735,
        0.012000000104308128
      ]
    }
  }
}
Blender 5.2.1 LTS (hash 9e2066aef7ef built 2026-08-25 01:35:57)

Blender quit
