00:00.466  blend            | Read blend: "/private/var/folders/z4/_txy7z5d7hb83mc592z_cq540000gn/T/morphloom-publish-w4nfo7ko/repo/work/native-normal-kit-20261004/small/output.blend"
00:00.652  blend            | Read blend: "/private/var/folders/z4/_txy7z5d7hb83mc592z_cq540000gn/T/morphloom-publish-w4nfo7ko/repo/work/native-normal-kit-20261004/small/edited.blend"
Info: Saved as "edited.blend"
INFO Draco is available, use library at /Applications/Blender.app/Contents/Resources/5.2/scripts/addons_core/io_scene_gltf2/libbf_intern_draco_bridge.dylib
INFO MeshOptimizer is available, use library at /Applications/Blender.app/Contents/Resources/5.2/scripts/addons_core/io_scene_gltf2/libbf_intern_meshopt_bridge.dylib
07:55:15 | INFO: Starting glTF 2.0 export
07:55:15 | INFO: Extracting primitive: Mesh_3
07:55:15 | INFO: Primitives created: 1
07:55:15 | INFO: Extracting primitive: Mesh_4
07:55:15 | INFO: Primitives created: 1
07:55:15 | INFO: Extracting primitive: Mesh_5
07:55:15 | INFO: Primitives created: 1
07:55:15 | INFO: Extracting primitive: Mesh_6
07:55:15 | INFO: Primitives created: 1
07:55:15 | INFO: Extracting primitive: Mesh_7
07:55:15 | INFO: Primitives created: 1
07:55:15 | INFO: Extracting primitive: Mesh_8
07:55:15 | INFO: Primitives created: 1
07:55:15 | INFO: Extracting primitive: Mesh_9
07:55:15 | INFO: Primitives created: 1
07:55:15 | INFO: Extracting primitive: Mesh_10
07:55:15 | INFO: Primitives created: 1
07:55:15 | INFO: Extracting primitive: Mesh_2
07:55:15 | INFO: Primitives created: 1
07:55:15 | INFO: Extracting primitive: Mesh_0
07:55:15 | INFO: Primitives created: 1
07:55:15 | INFO: Extracting primitive: Mesh_1
07:55:15 | INFO: Primitives created: 1
07:55:15 | INFO: Finished glTF 2.0 export in 0.061402082443237305 s
00:00.981  blend            | Read blend: "/private/var/folders/z4/_txy7z5d7hb83mc592z_cq540000gn/T/morphloom-publish-w4nfo7ko/repo/work/native-normal-kit-20261004/default/output.blend"
00:01.160  blend            | Read blend: "/private/var/folders/z4/_txy7z5d7hb83mc592z_cq540000gn/T/morphloom-publish-w4nfo7ko/repo/work/native-normal-kit-20261004/default/edited.blend"

Info: Saved as "edited.blend"
07:55:15 | INFO: Starting glTF 2.0 export
07:55:15 | INFO: Extracting primitive: Mesh_3
07:55:15 | INFO: Primitives created: 1
07:55:15 | INFO: Extracting primitive: Mesh_4
07:55:15 | INFO: Primitives created: 1
07:55:15 | INFO: Extracting primitive: Mesh_5
07:55:15 | INFO: Primitives created: 1
07:55:15 | INFO: Extracting primitive: Mesh_6
07:55:15 | INFO: Primitives created: 1
07:55:15 | INFO: Extracting primitive: Mesh_7
07:55:15 | INFO: Primitives created: 1
07:55:15 | INFO: Extracting primitive: Mesh_8
07:55:15 | INFO: Primitives created: 1
07:55:15 | INFO: Extracting primitive: Mesh_9
07:55:15 | INFO: Primitives created: 1
07:55:15 | INFO: Extracting primitive: Mesh_10
07:55:15 | INFO: Primitives created: 1
07:55:15 | INFO: Extracting primitive: Mesh_2
07:55:15 | INFO: Primitives created: 1
07:55:15 | INFO: Extracting primitive: Mesh_0
07:55:15 | INFO: Primitives created: 1
07:55:15 | INFO: Extracting primitive: Mesh_1
07:55:15 | INFO: Primitives created: 1
07:55:15 | INFO: Finished glTF 2.0 export in 0.02695918083190918 s
00:01.387  blend            | Read blend: "/private/var/folders/z4/_txy7z5d7hb83mc592z_cq540000gn/T/morphloom-publish-w4nfo7ko/repo/work/native-normal-kit-20261004/large/output.blend"
00:01.559  blend            | Read blend: "/private/var/folders/z4/_txy7z5d7hb83mc592z_cq540000gn/T/morphloom-publish-w4nfo7ko/repo/work/native-normal-kit-20261004/large/edited.blend"

Info: Saved as "edited.blend"
07:55:16 | INFO: Starting glTF 2.0 export
07:55:16 | INFO: Extracting primitive: Mesh_3
07:55:16 | INFO: Primitives created: 1
07:55:16 | INFO: Extracting primitive: Mesh_4
07:55:16 | INFO: Primitives created: 1
07:55:16 | INFO: Extracting primitive: Mesh_5
07:55:16 | INFO: Primitives created: 1
07:55:16 | INFO: Extracting primitive: Mesh_6
07:55:16 | INFO: Primitives created: 1
07:55:16 | INFO: Extracting primitive: Mesh_7
07:55:16 | INFO: Primitives created: 1
07:55:16 | INFO: Extracting primitive: Mesh_8
07:55:16 | INFO: Primitives created: 1
07:55:16 | INFO: Extracting primitive: Mesh_9
07:55:16 | INFO: Primitives created: 1
07:55:16 | INFO: Extracting primitive: Mesh_10
07:55:16 | INFO: Primitives created: 1
07:55:16 | INFO: Extracting primitive: Mesh_2
07:55:16 | INFO: Primitives created: 1
07:55:16 | INFO: Extracting primitive: Mesh_0
07:55:16 | INFO: Primitives created: 1
07:55:16 | INFO: Extracting primitive: Mesh_1
07:55:16 | INFO: Primitives created: 1
07:55:16 | INFO: Finished glTF 2.0 export in 0.02811121940612793 s
00:01.807  blend            | Read blend: "/private/var/folders/z4/_txy7z5d7hb83mc592z_cq540000gn/T/morphloom-publish-w4nfo7ko/repo/work/native-normal-kit-20261004/gear/output.blend"
00:01.850  blend            | Read blend: "/private/var/folders/z4/_txy7z5d7hb83mc592z_cq540000gn/T/morphloom-publish-w4nfo7ko/repo/work/native-normal-kit-20261004/gear/edited.blend"

Info: Saved as "edited.blend"
07:55:16 | INFO: Starting glTF 2.0 export
07:55:16 | INFO: Extracting primitive: Mesh_0
07:55:16 | INFO: Primitives created: 1
07:55:16 | INFO: Finished glTF 2.0 export in 0.0050508975982666016 s

Four actual .blend reopen, native translation, second save/reopen and unchanged local payload PASS
Blender 5.2.1 LTS (hash 9e2066aef7ef built 2026-08-25 01:35:57)

Blender quit
