00:00.233  blend            | Read blend: "/Users/danny/Documents/morphloom/outputs/blender-normal-kit-20261004/small-browser-kit/output.blend"
00:00.270  blend            | Read blend: "/Users/danny/Documents/morphloom/outputs/blender-normal-kit-20261004/small-browser-kit/edited.blend"
Info: Saved as "edited.blend"
INFO Draco is available, use library at /Applications/Blender.app/Contents/Resources/5.2/scripts/addons_core/io_scene_gltf2/libbf_intern_draco_bridge.dylib
INFO MeshOptimizer is available, use library at /Applications/Blender.app/Contents/Resources/5.2/scripts/addons_core/io_scene_gltf2/libbf_intern_meshopt_bridge.dylib
07:03:22 | INFO: Starting glTF 2.0 export
07:03:22 | INFO: Extracting primitive: Mesh_0
07:03:22 | INFO: Primitives created: 1
07:03:22 | INFO: Extracting primitive: Mesh_1
07:03:22 | INFO: Primitives created: 1
07:03:22 | INFO: Finished glTF 2.0 export in 0.008144140243530273 s
00:00.331  blend            | Read blend: "/Users/danny/Documents/morphloom/outputs/blender-normal-kit-20261004/default-browser-kit/output.blend"
00:00.348  blend            | Read blend: "/Users/danny/Documents/morphloom/outputs/blender-normal-kit-20261004/default-browser-kit/edited.blend"

Info: Saved as "edited.blend"
07:03:22 | INFO: Starting glTF 2.0 export
07:03:22 | INFO: Extracting primitive: Mesh_0
07:03:22 | INFO: Primitives created: 1
07:03:22 | INFO: Extracting primitive: Mesh_1
07:03:22 | INFO: Primitives created: 1
07:03:22 | INFO: Finished glTF 2.0 export in 0.00333404541015625 s
00:00.366  blend            | Read blend: "/Users/danny/Documents/morphloom/outputs/blender-normal-kit-20261004/large-browser-kit/output.blend"
00:00.383  blend            | Read blend: "/Users/danny/Documents/morphloom/outputs/blender-normal-kit-20261004/large-browser-kit/edited.blend"

Info: Saved as "edited.blend"
07:03:22 | INFO: Starting glTF 2.0 export
07:03:22 | INFO: Extracting primitive: Mesh_0
07:03:22 | INFO: Primitives created: 1
07:03:22 | INFO: Extracting primitive: Mesh_1
07:03:22 | INFO: Primitives created: 1
07:03:22 | INFO: Finished glTF 2.0 export in 0.003429889678955078 s
00:00.404  blend            | Read blend: "/Users/danny/Documents/morphloom/outputs/blender-normal-kit-20261004/solid-browser-kit/output.blend"
00:00.426  blend            | Read blend: "/Users/danny/Documents/morphloom/outputs/blender-normal-kit-20261004/solid-browser-kit/edited.blend"

Info: Saved as "edited.blend"
07:03:22 | INFO: Starting glTF 2.0 export
07:03:22 | INFO: Extracting primitive: Mesh_0
07:03:22 | INFO: Primitives created: 1
07:03:22 | INFO: Extracting primitive: Mesh_1
07:03:22 | INFO: Primitives created: 1
07:03:22 | INFO: Finished glTF 2.0 export in 0.00315093994140625 s

Four actual .blend reopen, native translation, second save/reopen and unchanged local payload PASS
Blender 5.2.1 LTS (hash 9e2066aef7ef built 2026-08-25 01:35:57)

Blender quit
