
> sceliph@0.4.0 build
> tsc -b && vite build

vite v7.3.6 building client environment for production...
transforming...
✓ 187 modules transformed.
rendering chunks...
computing gzip size...
dist/index.html                                         0.87 kB │ gzip:   0.43 kB
dist/holdout-review.html                                0.94 kB │ gzip:   0.55 kB
dist/assets/sceliph-symbol-dark-EpLEejAt.png          465.33 kB
dist/assets/DepthEditor-vj6vYx2Q.css                    0.85 kB │ gzip:   0.42 kB
dist/assets/EvidenceEditor-nVtLRHot.css                22.38 kB │ gzip:   5.15 kB
dist/assets/main-DkP-4bUW.css                          32.03 kB │ gzip:   7.01 kB
dist/assets/__vite-browser-external-BIHI7g3E.js         0.03 kB │ gzip:   0.05 kB
dist/assets/modulepreload-polyfill-B5Qt9EMX.js          0.71 kB │ gzip:   0.40 kB
dist/assets/holdoutReview-CyXZYCmd.js                   1.96 kB │ gzip:   1.16 kB
dist/assets/blender-source-normal-import-B9YBQfrM.js    2.48 kB │ gzip:   1.20 kB
dist/assets/blender-normal-kit-CLEQ-kQN.js              4.36 kB │ gzip:   1.91 kB
dist/assets/blender_source_normal_import-B0ckH5j_.js    8.99 kB │ gzip:   3.44 kB
dist/assets/LICENSE_raw-Civxp_Zu.js                    11.39 kB │ gzip:   3.96 kB
dist/assets/DepthEditor-CT1LwuoB.js                    34.55 kB │ gzip:  12.50 kB
dist/assets/EvidenceEditor-CkQWL_0q.js                 58.64 kB │ gzip:  21.44 kB
dist/assets/index.modern-akKuXZAF.js                   70.16 kB │ gzip:  16.31 kB
dist/assets/index.modern-DCt9yM3B.js                   76.25 kB │ gzip:  21.76 kB
dist/assets/react-C54xO61s.js                         192.48 kB │ gzip:  60.34 kB
dist/assets/module-BhjKzkE4.js                        289.42 kB │ gzip:  92.04 kB
dist/assets/main-r8vj2P_i.js                          706.96 kB │ gzip: 243.16 kB
dist/assets/three-DeIVVbmy.js                         733.89 kB │ gzip: 193.71 kB
✓ built in 1.46s
