{
  "schema": "morphloom.native-normal-payload-comparison/0.1",
  "pass": true,
  "meshId": "preserved",
  "before": {
    "sha256": "0af6396261fc14f98a0232f8512da73f72404782aef12bc3ad976ad7d37e4f56",
    "kind": "actual GLB NORMAL accessor"
  },
  "after": {
    "sha256": "e4b891bf057b93bd1d51cb22604adc2d832969cb29ded957a6287c37daa31b29",
    "kind": "actual GLB NORMAL accessor"
  },
  "translationMm": [
    0,
    0,
    0
  ],
  "corners": 7776,
  "worldCoordinates": 1298,
  "bidirectionalSamples": 15552,
  "coordinateToleranceMeters": 0.000001,
  "maxCoordinateDriftMeters": 3.725290284584126e-10,
  "maxNormalDifferenceDeg": 0.0038534017767132404,
  "worstCoordinateMicrometers": "23920,1564,623",
  "fixedToleranceDeg": 0.01,
  "scope": "Raw NORMAL payload or actual first-import normals; worst per selected mesh, no quality averaging or geometry regeneration"
}
