07:45:18 | INFO: Data are loaded, start creating Blender stuff
07:45:18 | INFO: Blender create Mesh node 0
07:45:18 | INFO: glTF import finished in 0.05s
INFO Draco is available, use library at /Applications/Blender.app/Contents/Resources/5.2/scripts/addons_core/io_scene_gltf2/libbf_intern_draco_bridge.dylib
INFO MeshOptimizer is available, use library at /Applications/Blender.app/Contents/Resources/5.2/scripts/addons_core/io_scene_gltf2/libbf_intern_meshopt_bridge.dylib
07:45:18 | INFO: Starting glTF 2.0 export
07:45:18 | INFO: Extracting primitive: Mesh_0
07:45:18 | WARNING: More than one shader node tex image used for a texture. The resulting glTF sampler will behave like the first shader node tex image.
07:45:18 | INFO: Primitives created: 1
07:45:19 | INFO: Finished glTF 2.0 export in 0.015407800674438477 s

07:45:19 | INFO: Data are loaded, start creating Blender stuff
07:45:19 | INFO: Blender create Mesh node Mesh_0
07:45:19 | INFO: glTF import finished in 0.04s
{
  "schema": "morphloom.blender-roundtrip/0.2",
  "pass": true,
  "exportTangentsRequiredBySource": false,
  "blenderVersion": "5.2.1 LTS",
  "source": "morphloom-project.glb",
  "sourceBytes": 1615148,
  "sourceSha256": "abe553c90d3edecbe31936e69d1e0f735f33af1a669413e0e96443e136067dad",
  "roundTrip": "native-roundtrip.glb",
  "roundTripBytes": 1712400,
  "roundTripSha256": "fd407bd5462837bb387d8729935961a17e052c175e1e167df31320abdc12e41d",
  "boundsErrorMm": 0.0,
  "boundsToleranceMm": 0.1,
  "geometryParity": true,
  "imageParity": true,
  "skinningParity": true,
  "lostImageDimensions": [],
  "addedImageDimensions": [],
  "imported": {
    "objects": 2,
    "excludedImporterHelpers": 0,
    "meshes": 1,
    "vertices": 50304,
    "polygons": 16768,
    "materials": 1,
    "images": 1,
    "imageNames": [
      "Image_0"
    ],
    "imageDimensions": [
      [
        64,
        64
      ]
    ],
    "shapeKeys": 0,
    "skinnedVertices": 0,
    "weightedVertices": 0,
    "weightedCoverage": 1.0,
    "armatures": 0,
    "bones": 0,
    "boneNames": [],
    "actions": 0,
    "actionNames": [],
    "geometryMoments": {
      "cornerCount": 50304,
      "cornerSum": [
        0.03261788212694228,
        -5.856156349182129e-06,
        0.2373822512308834
      ],
      "cornerSumSquares": [
        3.461110233140619,
        0.7948661271788731,
        3.4621221677585194
      ],
      "surfaceAreaSquareMeters": 0.002232225117357304
    },
    "boundsMeters": {
      "min": [
        -0.013000000268220901,
        -0.0040000006556510925,
        -0.013000000268220901
      ],
      "max": [
        0.013000000268220901,
        0.004000000189989805,
        0.013000000268220901
      ]
    }
  },
  "reopened": {
    "objects": 2,
    "excludedImporterHelpers": 0,
    "meshes": 1,
    "vertices": 50304,
    "polygons": 16768,
    "materials": 1,
    "images": 1,
    "imageNames": [
      "Image_0"
    ],
    "imageDimensions": [
      [
        64,
        64
      ]
    ],
    "shapeKeys": 0,
    "skinnedVertices": 0,
    "weightedVertices": 0,
    "weightedCoverage": 1.0,
    "armatures": 0,
    "bones": 0,
    "boneNames": [],
    "actions": 0,
    "actionNames": [],
    "geometryMoments": {
      "cornerCount": 50304,
      "cornerSum": [
        0.03261788212694228,
        -5.856156349182129e-06,
        0.2373822512308834
      ],
      "cornerSumSquares": [
        3.461110233140619,
        0.7948661271788731,
        3.4621221677585194
      ],
      "surfaceAreaSquareMeters": 0.002232225117357304
    },
    "boundsMeters": {
      "min": [
        -0.013000000268220901,
        -0.0040000006556510925,
        -0.013000000268220901
      ],
      "max": [
        0.013000000268220901,
        0.004000000189989805,
        0.013000000268220901
      ]
    }
  }
}
Blender 5.2.1 LTS (hash 9e2066aef7ef built 2026-08-25 01:35:57)

Blender quit
