{
  "reportPath": "/Users/danny/Documents/morphloom/outputs/current-delivery-041-20261004/prusaslicer.json",
  "pass": true,
  "native": {
    "size": [
      600,
      450,
      43.453476
    ],
    "minimum": [
      -300,
      -225,
      -20
    ],
    "maximum": [
      300,
      225,
      23.453476
    ],
    "facets": 111936,
    "manifold": true,
    "parts": 1,
    "volumeMm3": 10761761
  },
  "gcode": {
    "bytes": 7070485,
    "sha256": "c563c5809e8f96bc98bed3bd9c63d3526941200077750e56c272005086d3789e",
    "layers": 43,
    "extrusionMoves": 190170
  }
}
