node:internal/process/promises:394
    triggerUncaughtException(err, true /* fromPromise */);
    ^

AssertionError [ERR_ASSERTION]: Source IR differs from current assembly
+ actual - expected

+ 'afde11c75687e314f2b73379b701c5e7d905f81bef782c2d4948960bf4c78b6b'
- '75277fc556822c7970a3168ef35631aa8aa4dbfe1557e76020fa6607456e13c2'

    at /private/var/folders/z4/_txy7z5d7hb83mc592z_cq540000gn/T/morphloom-publish-w4nfo7ko/repo/scripts/bind-blender-roundtrip-proof.ts:24:304
    at ViteNodeRunner.runModule (file:///Users/danny/Documents/morphloom/node_modules/vite-node/dist/client.mjs:397:4)
    at ViteNodeRunner.directRequest (file:///Users/danny/Documents/morphloom/node_modules/vite-node/dist/client.mjs:375:3)
    at ViteNodeRunner.cachedRequest (file:///Users/danny/Documents/morphloom/node_modules/vite-node/dist/client.mjs:189:11)
    at ViteNodeRunner.executeFile (file:///Users/danny/Documents/morphloom/node_modules/vite-node/dist/client.mjs:162:10)
    at CAC.run (file:///Users/danny/Documents/morphloom/node_modules/vite-node/dist/cli.mjs:102:28) {
  generatedMessage: false,
  code: 'ERR_ASSERTION',
  actual: 'afde11c75687e314f2b73379b701c5e7d905f81bef782c2d4948960bf4c78b6b',
  expected: '75277fc556822c7970a3168ef35631aa8aa4dbfe1557e76020fa6607456e13c2',
  operator: 'strictEqual',
  diff: 'simple'
}

Node.js v24.13.1
