node:internal/process/promises:394
    triggerUncaughtException(err, true /* fromPromise */);
    ^

AssertionError [ERR_ASSERTION]: Expected values to be strictly deep-equal:
+ actual - expected

+ [
+   'Missing or inconsistent Blender meshes.',
+   'Missing or inconsistent Blender polygons.',
+   'Missing or inconsistent Blender materials.'
+ ]
- []

    at /private/var/folders/z4/_txy7z5d7hb83mc592z_cq540000gn/T/morphloom-publish-w4nfo7ko/repo/scripts/bind-blender-roundtrip-proof.ts:31:8
    at ViteNodeRunner.runModule (file:///Users/danny/Documents/morphloom/node_modules/vite-node/dist/client.mjs:397:4)
    at ViteNodeRunner.directRequest (file:///Users/danny/Documents/morphloom/node_modules/vite-node/dist/client.mjs:375:3)
    at ViteNodeRunner.cachedRequest (file:///Users/danny/Documents/morphloom/node_modules/vite-node/dist/client.mjs:189:11)
    at ViteNodeRunner.executeFile (file:///Users/danny/Documents/morphloom/node_modules/vite-node/dist/client.mjs:162:10)
    at CAC.run (file:///Users/danny/Documents/morphloom/node_modules/vite-node/dist/cli.mjs:102:28) {
  generatedMessage: true,
  code: 'ERR_ASSERTION',
  actual: [
    'Missing or inconsistent Blender meshes.',
    'Missing or inconsistent Blender polygons.',
    'Missing or inconsistent Blender materials.'
  ],
  expected: [],
  operator: 'deepStrictEqual',
  diff: 'simple'
}

Node.js v24.13.1
