prune: Removed types... Texture (1)
{
  "schema": "morphloom.gltf-interchange-repair/0.1",
  "pass": true,
  "input": "/Users/danny/Documents/morphloom/outputs/single-blender-binding-20261004/actual-native.glb",
  "output": "/Users/danny/Documents/morphloom/outputs/single-blender-binding-20261004/actual-final.glb",
  "inputBytes": 27856404,
  "outputBytes": 27797708,
  "outputSha256": "c9338a90672d2261b549e74c4167dcd6d3f0b09b6e617cf9040fa02b8df8782e",
  "tangentAccessors": 321,
  "repairedTangents": 432,
  "removedUnusedTangentAccessors": 0,
  "restoredMaterials": 0,
  "materialSourceSha256": null,
  "validation": {
    "status": "pass",
    "validator": "Khronos glTF Validator",
    "validatorVersion": "2.0.0-dev.3.10",
    "errors": 0,
    "warnings": 0,
    "infos": 0,
    "hints": 0,
    "truncated": false,
    "issueCodes": [],
    "independentRead": {
      "status": "pass",
      "parser": "glTF Transform WebIO",
      "nodes": 322,
      "meshes": 321,
      "materials": 321,
      "skins": 0,
      "animations": 0
    }
  }
}
