node:internal/process/promises:394
    triggerUncaughtException(err, true /* fromPromise */);
    ^

AssertionError [ERR_ASSERTION]: Expected values to be strictly equal:
+ actual - expected

+ 'cd6395a371fb192f684b22835b55dd07696ac25f54eeeff6fb4e81ba63822c77'
- 'a7ea7dc3300d8d261b50e925ce586ffb4c2580981bc05b98b91900f0c329cca2'

    at /private/var/folders/z4/_txy7z5d7hb83mc592z_cq540000gn/T/morphloom-publish-w4nfo7ko/repo/scripts/bind-blender-roundtrip-proof.ts:23:50
    at ViteNodeRunner.runModule (file:///Users/danny/Documents/morphloom/node_modules/vite-node/dist/client.mjs:397:4)
    at ViteNodeRunner.directRequest (file:///Users/danny/Documents/morphloom/node_modules/vite-node/dist/client.mjs:375:3)
    at ViteNodeRunner.cachedRequest (file:///Users/danny/Documents/morphloom/node_modules/vite-node/dist/client.mjs:189:11)
    at ViteNodeRunner.executeFile (file:///Users/danny/Documents/morphloom/node_modules/vite-node/dist/client.mjs:162:10)
    at CAC.run (file:///Users/danny/Documents/morphloom/node_modules/vite-node/dist/cli.mjs:102:28) {
  generatedMessage: true,
  code: 'ERR_ASSERTION',
  actual: 'cd6395a371fb192f684b22835b55dd07696ac25f54eeeff6fb4e81ba63822c77',
  expected: 'a7ea7dc3300d8d261b50e925ce586ffb4c2580981bc05b98b91900f0c329cca2',
  operator: 'strictEqual',
  diff: 'simple'
}

Node.js v24.13.1
