[
  {
    "id": "small",
    "beforeChordMm": 0.13450300488983125,
    "afterChordMm": 0.0266373021120625,
    "beforeVertices": 384,
    "afterVertices": 864,
    "preserved": true,
    "topology": {
      "meshes": 2,
      "watertightMeshes": 2,
      "boundaryEdges": 0,
      "inconsistentWindingEdges": 0,
      "orientationConsistent": true,
      "nonManifoldEdges": 0,
      "degenerateTriangles": 0,
      "selfIntersections": 0,
      "selfIntersectionMeshes": 0,
      "selfIntersectionCandidatePairs": 2732,
      "selfIntersectionComplete": true,
      "triangles": 2880,
      "edgeTaperMeshes": 0,
      "verifiedEdgeTaperSegments": 0,
      "surfaceReliefMeshes": 0,
      "surfaceReliefSamples": 0,
      "surfaceAggregateFeatures": 0,
      "referenceReliefMeshes": 0,
      "referenceReliefSamples": 0,
      "maximumReferenceIrregularity": 0,
      "pass": true,
      "details": [
        {
          "name": "bushing",
          "boundaryEdges": 0,
          "inconsistentWindingEdges": 0,
          "orientationConsistent": true,
          "nonManifoldEdges": 0,
          "degenerateTriangles": 0,
          "selfIntersections": 0,
          "selfIntersectionComplete": true,
          "watertight": true
        },
        {
          "name": "preserved",
          "boundaryEdges": 0,
          "inconsistentWindingEdges": 0,
          "orientationConsistent": true,
          "nonManifoldEdges": 0,
          "degenerateTriangles": 0,
          "selfIntersections": 0,
          "selfIntersectionComplete": true,
          "watertight": true
        }
      ]
    }
  },
  {
    "id": "default",
    "beforeChordMm": 0.06741415301749853,
    "afterChordMm": 0.02997544307253186,
    "beforeVertices": 768,
    "afterVertices": 1152,
    "preserved": true,
    "topology": {
      "meshes": 2,
      "watertightMeshes": 2,
      "boundaryEdges": 0,
      "inconsistentWindingEdges": 0,
      "orientationConsistent": true,
      "nonManifoldEdges": 0,
      "degenerateTriangles": 0,
      "selfIntersections": 0,
      "selfIntersectionMeshes": 0,
      "selfIntersectionCandidatePairs": 3084,
      "selfIntersectionComplete": true,
      "triangles": 2976,
      "edgeTaperMeshes": 0,
      "verifiedEdgeTaperSegments": 0,
      "surfaceReliefMeshes": 0,
      "surfaceReliefSamples": 0,
      "surfaceAggregateFeatures": 0,
      "referenceReliefMeshes": 0,
      "referenceReliefSamples": 0,
      "maximumReferenceIrregularity": 0,
      "pass": true,
      "details": [
        {
          "name": "bushing",
          "boundaryEdges": 0,
          "inconsistentWindingEdges": 0,
          "orientationConsistent": true,
          "nonManifoldEdges": 0,
          "degenerateTriangles": 0,
          "selfIntersections": 0,
          "selfIntersectionComplete": true,
          "watertight": true
        },
        {
          "name": "preserved",
          "boundaryEdges": 0,
          "inconsistentWindingEdges": 0,
          "orientationConsistent": true,
          "nonManifoldEdges": 0,
          "degenerateTriangles": 0,
          "selfIntersections": 0,
          "selfIntersectionComplete": true,
          "watertight": true
        }
      ]
    }
  },
  {
    "id": "large",
    "beforeChordMm": 0.00843387219287095,
    "afterChordMm": 0.0066640362372538675,
    "beforeVertices": 3072,
    "afterVertices": 3456,
    "preserved": true,
    "topology": {
      "meshes": 2,
      "watertightMeshes": 2,
      "boundaryEdges": 0,
      "inconsistentWindingEdges": 0,
      "orientationConsistent": true,
      "nonManifoldEdges": 0,
      "degenerateTriangles": 0,
      "selfIntersections": 0,
      "selfIntersectionMeshes": 0,
      "selfIntersectionCandidatePairs": 9036,
      "selfIntersectionComplete": true,
      "triangles": 3744,
      "edgeTaperMeshes": 0,
      "verifiedEdgeTaperSegments": 0,
      "surfaceReliefMeshes": 0,
      "surfaceReliefSamples": 0,
      "surfaceAggregateFeatures": 0,
      "referenceReliefMeshes": 0,
      "referenceReliefSamples": 0,
      "maximumReferenceIrregularity": 0,
      "pass": true,
      "details": [
        {
          "name": "bushing",
          "boundaryEdges": 0,
          "inconsistentWindingEdges": 0,
          "orientationConsistent": true,
          "nonManifoldEdges": 0,
          "degenerateTriangles": 0,
          "selfIntersections": 0,
          "selfIntersectionComplete": true,
          "watertight": true
        },
        {
          "name": "preserved",
          "boundaryEdges": 0,
          "inconsistentWindingEdges": 0,
          "orientationConsistent": true,
          "nonManifoldEdges": 0,
          "degenerateTriangles": 0,
          "selfIntersections": 0,
          "selfIntersectionComplete": true,
          "watertight": true
        }
      ]
    }
  },
  {
    "id": "solid",
    "beforeChordMm": 0.01686404415536913,
    "afterChordMm": 0.007496167430563361,
    "beforeVertices": 768,
    "afterVertices": 1152,
    "preserved": true,
    "topology": {
      "meshes": 2,
      "watertightMeshes": 2,
      "boundaryEdges": 0,
      "inconsistentWindingEdges": 0,
      "orientationConsistent": true,
      "nonManifoldEdges": 0,
      "degenerateTriangles": 0,
      "selfIntersections": 0,
      "selfIntersectionMeshes": 0,
      "selfIntersectionCandidatePairs": 2447,
      "selfIntersectionComplete": true,
      "triangles": 2976,
      "edgeTaperMeshes": 0,
      "verifiedEdgeTaperSegments": 0,
      "surfaceReliefMeshes": 0,
      "surfaceReliefSamples": 0,
      "surfaceAggregateFeatures": 0,
      "referenceReliefMeshes": 0,
      "referenceReliefSamples": 0,
      "maximumReferenceIrregularity": 0,
      "pass": true,
      "details": [
        {
          "name": "bushing",
          "boundaryEdges": 0,
          "inconsistentWindingEdges": 0,
          "orientationConsistent": true,
          "nonManifoldEdges": 0,
          "degenerateTriangles": 0,
          "selfIntersections": 0,
          "selfIntersectionComplete": true,
          "watertight": true
        },
        {
          "name": "preserved",
          "boundaryEdges": 0,
          "inconsistentWindingEdges": 0,
          "orientationConsistent": true,
          "nonManifoldEdges": 0,
          "degenerateTriangles": 0,
          "selfIntersections": 0,
          "selfIntersectionComplete": true,
          "watertight": true
        }
      ]
    }
  }
]
