{
  "schema": "morphloom.native-normal-payload-comparison/0.1",
  "pass": true,
  "meshId": "bushing",
  "before": {
    "sha256": "506c17919a1cc7f4d09ea6564ca9edd5b768436c9661200ab08cbbcb27d429c5",
    "kind": "actual GLB NORMAL accessor"
  },
  "after": {
    "sha256": "fd5432ba37707b03f2a8cf54f9138515844ec321496acc55d71f52975d26e8bb",
    "kind": "actual GLB NORMAL accessor"
  },
  "translationMm": [
    0,
    0,
    0
  ],
  "corners": 1152,
  "worldCoordinates": 192,
  "bidirectionalSamples": 2304,
  "coordinateToleranceMeters": 0.000001,
  "maxCoordinateDriftMeters": 0,
  "maxNormalDifferenceDeg": 0.004422843250376306,
  "worstCoordinateMicrometers": "6347,6000,4870",
  "fixedToleranceDeg": 0.01,
  "scope": "Raw NORMAL payload or actual first-import normals; worst per selected mesh, no quality averaging or geometry regeneration"
}
