05:35:49 | INFO: Data are loaded, start creating Blender stuff
05:35:49 | INFO: Blender create Mesh node 0
05:35:49 | INFO: Blender create Mesh node 1
05:35:50 | INFO: glTF import finished in 0.00s
INFO Draco is available, use library at /Applications/Blender.app/Contents/Resources/5.2/scripts/addons_core/io_scene_gltf2/libbf_intern_draco_bridge.dylib
INFO MeshOptimizer is available, use library at /Applications/Blender.app/Contents/Resources/5.2/scripts/addons_core/io_scene_gltf2/libbf_intern_meshopt_bridge.dylib
05:35:50 | INFO: Starting glTF 2.0 export
05:35:50 | INFO: Extracting primitive: Mesh_0
05:35:50 | INFO: Primitives created: 1
05:35:50 | INFO: Extracting primitive: Mesh_1
05:35:50 | INFO: Primitives created: 1
05:35:50 | INFO: Finished glTF 2.0 export in 0.007364034652709961 s

05:35:50 | INFO: Data are loaded, start creating Blender stuff
05:35:50 | INFO: Blender create Mesh node Mesh_0
05:35:50 | INFO: Blender create Mesh node Mesh_1
05:35:50 | INFO: glTF import finished in 0.00s
{
  "schema": "morphloom.blender-roundtrip/0.2",
  "pass": true,
  "exportTangentsRequiredBySource": false,
  "blenderVersion": "5.2.1 LTS",
  "source": "default-after.glb",
  "sourceBytes": 104416,
  "sourceSha256": "506c17919a1cc7f4d09ea6564ca9edd5b768436c9661200ab08cbbcb27d429c5",
  "roundTrip": "default-blender.glb",
  "roundTripBytes": 102836,
  "roundTripSha256": "fd5432ba37707b03f2a8cf54f9138515844ec321496acc55d71f52975d26e8bb",
  "boundsErrorMm": 0.0,
  "boundsToleranceMm": 0.1,
  "geometryParity": true,
  "imageParity": true,
  "skinningParity": true,
  "lostImageDimensions": [],
  "addedImageDimensions": [],
  "imported": {
    "objects": 3,
    "excludedImporterHelpers": 0,
    "meshes": 2,
    "vertices": 2571,
    "polygons": 2976,
    "materials": 2,
    "images": 0,
    "imageNames": [],
    "imageDimensions": [],
    "shapeKeys": 0,
    "skinnedVertices": 0,
    "weightedVertices": 0,
    "weightedCoverage": 1.0,
    "armatures": 0,
    "bones": 0,
    "boneNames": [],
    "actions": 0,
    "actionNames": [],
    "geometryMoments": {
      "cornerCount": 8928,
      "cornerSum": [
        194.40000289678574,
        -1.7279472123987722e-19,
        0.0
      ],
      "cornerSumSquares": [
        4.94294173791167,
        0.08294159362130116,
        0.056452814531683354
      ],
      "surfaceAreaSquareMeters": 0.002534705617154584
    },
    "boundsMeters": {
      "min": [
        -0.014000000432133675,
        -0.014000000432133675,
        -0.006000000052154064
      ],
      "max": [
        0.027000000700354576,
        0.014000000432133675,
        0.006000000052154064
      ]
    }
  },
  "reopened": {
    "objects": 3,
    "excludedImporterHelpers": 0,
    "meshes": 2,
    "vertices": 2571,
    "polygons": 2976,
    "materials": 2,
    "images": 0,
    "imageNames": [],
    "imageDimensions": [],
    "shapeKeys": 0,
    "skinnedVertices": 0,
    "weightedVertices": 0,
    "weightedCoverage": 1.0,
    "armatures": 0,
    "bones": 0,
    "boneNames": [],
    "actions": 0,
    "actionNames": [],
    "geometryMoments": {
      "cornerCount": 8928,
      "cornerSum": [
        194.40000289678574,
        -1.7279472123987722e-19,
        0.0
      ],
      "cornerSumSquares": [
        4.94294173791167,
        0.08294159362130116,
        0.056452814531683354
      ],
      "surfaceAreaSquareMeters": 0.002534705617154584
    },
    "boundsMeters": {
      "min": [
        -0.014000000432133675,
        -0.014000000432133675,
        -0.006000000052154064
      ],
      "max": [
        0.027000000700354576,
        0.014000000432133675,
        0.006000000052154064
      ]
    }
  }
}
Blender 5.2.1 LTS (hash 9e2066aef7ef built 2026-08-25 01:35:57)

Blender quit
