{
  "schema": "morphloom.native-normal-payload-comparison/0.1",
  "pass": true,
  "meshId": "preserved_sphere",
  "before": {
    "sha256": "88f6e7c8476b757c3aa5821b1f9952a5b29d290e4f23e15a1a4d2d336a98d621",
    "kind": "actual GLB NORMAL accessor"
  },
  "after": {
    "sha256": "4d616caf7536d68aedf4ae855a83b984d4b02b209d82fc9e01898f14582b9258",
    "kind": "actual GLB NORMAL accessor"
  },
  "translationMm": [
    0,
    0,
    0
  ],
  "corners": 2160,
  "worldCoordinates": 362,
  "bidirectionalSamples": 4320,
  "coordinateToleranceMeters": 0.000001,
  "maxCoordinateDriftMeters": 8.940696724635266e-10,
  "maxNormalDifferenceDeg": 0.004165662238711668,
  "worstCoordinateMicrometers": "39214,1663,786",
  "fixedToleranceDeg": 0.01,
  "scope": "Raw NORMAL payload or actual first-import normals; worst per selected mesh, no quality averaging or geometry regeneration"
}
